Microchip MPLAB XC8 Compiler V2.05 ()

Linker command line:

-W-3 --edf=C:\Program Files (x86)\Microchip\xc8\v2.05\pic\dat\en_msgs.txt \
  -cs -h+dist/default/production\SunBlind_uController.X.production.sym \
  --cmf=dist/default/production\SunBlind_uController.X.production.cmf -z \
  -Q12F675 -oC:\Users\MIROBA~1\AppData\Local\Temp\s2lg.2 \
  --defsym=__MPLAB_BUILD=1 \
  -Mdist/default/production/SunBlind_uController.X.production.map -E1 \
  -ver=XC8 --acfsm=1493 -ASTACK=049h-05Dh -pstack=STACK -ACODE=00h-03FEh \
  -ASTRCODE=00h-03FEh -ASTRING=00h-0FFhx3,0300h-03FEh \
  -ACONST=00h-0FFhx3,0300h-03FEh -AENTRY=00h-0FFhx3,0300h-03FEh \
  -ABANK0=020h-05Dh -ARAM=020h-05Dh -AABS1=020h-05Fh -ACOMMON=05Eh-05Fh \
  -ASFR0=00h-01Fh -ASFR1=080h-0DDh \
  -preset_vec=00h,intentry=04h,init,end_init -ppowerup=CODE -pcinit=CODE \
  -pfunctab=ENTRY -ACONFIG=02007h-02007h -pconfig=CONFIG -DCONFIG=2 \
  -AIDLOC=02000h-02003h -pidloc=IDLOC -DIDLOC=2 -AEEDATA=00h-07Fh/02100h \
  -peeprom_data=EEDATA -DEEDATA=2 -posccal=03FFh -DCODE=2 -DSTRCODE=2 \
  -DSTRING=2 -DCONST=2 -DENTRY=2 -k \
  C:\Users\MIROBA~1\AppData\Local\Temp\s2lg.o \
  dist/default/production\SunBlind_uController.X.production.o 

Object code version is 3.11

Machine type is 12F675



                Name                               Link     Load   Length Selector   Space Scale
C:\Users\MIROBA~1\AppData\Local\Temp\s2lg.o
                end_init                              B        B        1        8       0
                reset_vec                             0        0        1        0       0
                config                             2007     2007        1     400E       0
dist/default/production\SunBlind_uController.X.production.o
                cinit                                 C        C        B        8       0
                intentry                              4        4        7        8       0
                text6                               218      218        E        8       0
                text5                                D2       D2       69        8       0
                text4                               20A      20A        E        8       0
                text3                               13B      13B       5F        8       0
                text2                               19A      19A       40        8       0
                text1                                17       17       BB        8       0
                maintext                            1DA      1DA       30        8       0
                cstackBANK0                          20       20       21       20       1
                bssBANK0                             41       41        8       20       1
                strings                             226      226        A      44C       0

TOTAL           Name                               Link     Load   Length     Space
        CLASS   STACK          

        CLASS   CODE           
                end_init                              B        B        1         0
                cinit                                 C        C        B         0
                intentry                              4        4        7         0
                reset_vec                             0        0        1         0
                text6                               218      218        E         0
                text5                                D2       D2       69         0
                text4                               20A      20A        E         0
                text3                               13B      13B       5F         0
                text2                               19A      19A       40         0
                text1                                17       17       BB         0
                maintext                            1DA      1DA       30         0

        CLASS   STRCODE        

        CLASS   STRING         
                strings                             226      226        A         0

        CLASS   CONST          

        CLASS   ENTRY          

        CLASS   BANK0          
                cstackBANK0                          20       20       21         1
                bssBANK0                             41       41        8         1

        CLASS   RAM            

        CLASS   ABS1           
                abs_s1                               5E       5E        2         1

        CLASS   COMMON         

        CLASS   SFR0           

        CLASS   SFR1           

        CLASS   CONFIG         
                config                             2007     2007        1         0

        CLASS   IDLOC          

        CLASS   EEDATA         

        CLASS   BANK1          



SEGMENTS        Name                           Load    Length   Top    Selector   Space  Class     Delta

                reset_vec                      000000  000001  000001         0       0  CODE        2
                intentry                       000004  000222  000226         8       0  CODE        2
                cstackBANK0                    000020  000029  000049        20       1  BANK0       1
                strings                        000226  00000A  000230       44C       0  STRING      2
                config                         002007  000001  002008      400E       0  CONFIG      2


UNUSED ADDRESS RANGES

        Name                Unused          Largest block    Delta
        BANK0            0049-005D             15           1
        CODE             0001-0003              3           2
                         0230-03FE            1CF
        CONST            0001-0003              3           2
                         0230-03FE             D0
        EEDATA           2100-217F             80           2
        ENTRY            0001-0003              3           2
                         0230-03FE             D0
        IDLOC            2000-2003              4           2
        RAM              0049-005D             15           1
        SFR0             0000-001F             20           1
        SFR1             0080-00DD             5E           1
        STACK            0049-005D             15           1
        STRCODE          0001-0003              3           2
                         0230-03FE            1CF
        STRING           0001-0003              3           2
                         0230-03FE             D0

                                  Symbol Table

?___lldiv                cstackBANK0  0024
?___lmul                 cstackBANK0  0024
SETpinRST@Status         cstackBANK0  0024
SetTMR0@TMR0value        cstackBANK0  003C
SetTMR0@ps_cnt           cstackBANK0  003A
SetTMR0@ps_value         cstackBANK0  0038
SetTMR0@value_ms         cstackBANK0  0032
_ANSEL                   (abs)        009F
_CMCON                   (abs)        0019
_GPIO                    (abs)        0005
_GPIObits                (abs)        0005
_INTCONbits              (abs)        000B
_OPTION_REGbits          (abs)        0081
_SETpinRST               text4        020A
_SetTMR0                 text1        0017
_TMR0                    (abs)        0001
_TMR0_value              bssBANK0     0047
_TRISIO0                 (abs)        0428
_TRISIO1                 (abs)        0429
_TRISIO2                 (abs)        042A
_TRISIO3                 (abs)        042B
_TRISIO4                 (abs)        042C
_TRISIO5                 (abs)        042D
__CFG_BOREN$OFF          (abs)        0000
__CFG_CP$OFF             (abs)        0000
__CFG_CPD$OFF            (abs)        0000
__CFG_FOSC$INTRCIO       (abs)        0000
__CFG_MCLRE$OFF          (abs)        0000
__CFG_PWRTE$ON           (abs)        0000
__CFG_WDTE$OFF           (abs)        0000
__Habs1                  abs1         07FE
__Hbank0                 bank0        07FE
__Hbank1                 bank1        07FE
__HbssBANK0              bssBANK0     07FE
__Hcinit                 cinit        0017
__Hclrtext               clrtext      07FE
__Hcode                  code         07FE
__Hcommon                common       07FE
__Hconfig                config       2008
__HcstackBANK0           cstackBANK0  07FE
__HcstackCOMMON          cstackCOMMON 07FE
__Heeprom_data           eeprom_data  0000
__Hend_init              end_init     000C
__Hfunctab               functab      0000
__Hidloc                 idloc        0000
__Hinit                  init         000B
__Hintentry              intentry     000B
__Hmaintext              maintext     07FE
__Hosccal                osccal       03FF
__Hpowerup               powerup      0000
__Hram                   ram          07FE
__Hreset_vec             reset_vec    0001
__Hsfr0                  sfr0         07FE
__Hsfr1                  sfr1         07FE
__Hspace_0               (abs)        2008
__Hspace_1               (abs)        07FE
__Hspace_2               (abs)        0000
__Hspace_3               (abs)        0000
__Hstack                 stack        0000
__Hstrings               strings      07FE
__Htext                  text         07FE
__Labs1                  abs1         07FE
__Lbank0                 bank0        07FE
__Lbank1                 bank1        07FE
__LbssBANK0              bssBANK0     07FE
__Lcinit                 cinit        000C
__Lclrtext               clrtext      07FE
__Lcode                  code         07FE
__Lcommon                common       07FE
__Lconfig                config       2007
__LcstackBANK0           cstackBANK0  07FE
__LcstackCOMMON          cstackCOMMON 07FE
__Leeprom_data           eeprom_data  0000
__Lend_init              end_init     000B
__Lfunctab               functab      0000
__Lidloc                 idloc        0000
__Linit                  init         000B
__Lintentry              intentry     0004
__Lmaintext              maintext     07FE
__Losccal                osccal       03FF
__Lpowerup               powerup      0000
__Lram                   ram          07FE
__Lreset_vec             reset_vec    0000
__Lsfr0                  sfr0         07FE
__Lsfr1                  sfr1         07FE
__Lspace_0               (abs)        0000
__Lspace_1               (abs)        0000
__Lspace_2               (abs)        0000
__Lspace_3               (abs)        0000
__Lstack                 stack        0000
__Lstrings               strings      07FE
__Ltext                  text         07FE
__S0                     (abs)        2008
__S1                     (abs)        0049
__S2                     (abs)        0000
__S3                     (abs)        0000
___int_sp                stack        0000
___latbits               (abs)        0000
___lldiv                 text3        013B
___lldiv@counter         cstackBANK0  0031
___lldiv@dividend        cstackBANK0  0028
___lldiv@divisor         cstackBANK0  0024
___lldiv@quotient        cstackBANK0  002D
___lmul                  text2        019A
___lmul@multiplicand     cstackBANK0  0028
___lmul@multiplier       cstackBANK0  0024
___lmul@product          cstackBANK0  002D
___osccal_val            osccal       03FF
___sp                    stack        0000
___stackhi               (abs)        0000
___stacklo               (abs)        0000
__end_ofSetTMR0@clk_freq strings      0230
__end_of_SETpinRST       text4        0218
__end_of_SetTMR0         text1        00D2
__end_of___lldiv         text3        019A
__end_of___lmul          text2        01DA
__end_of__initialization cinit        0015
__end_of__stringtab      strings      022C
__end_of_main            maintext     020A
__end_of_myIsr           text5        013B
__end_ofi1_SETpinRST     text6        0226
__initialization         cinit        000C
__pbssBANK0              bssBANK0     0041
__pcstackBANK0           cstackBANK0  0020
__pcstackCOMMON          cstackCOMMON 0000
__pintentry              intentry     0004
__pmaintext              maintext     01DA
__pstrings               strings      0226
__ptext1                 text1        0017
__ptext2                 text2        019A
__ptext3                 text3        013B
__ptext4                 text4        020A
__ptext5                 text5        00D2
__ptext6                 text6        0218
__size_of_SETpinRST      (abs)        0000
__size_of_SetTMR0        (abs)        0000
__size_of___lldiv        (abs)        0000
__size_of___lmul         (abs)        0000
__size_of_main           (abs)        0000
__size_of_myIsr          (abs)        0000
__size_ofi1_SETpinRST    (abs)        0000
__stringbase             strings      022B
__stringtab              strings      0226
_cntRST                  bssBANK0     0045
_cntRSTpls               bssBANK0     0041
_cntWD                   bssBANK0     0043
_lastGPIO4mirror         bssBANK0     0048
_main                    maintext     01DA
_myIsr                   text5        00D2
btemp                    (abs)        005E
end_of_initialization    cinit        0015
i1SETpinRST@Status       cstackBANK0  0020
i1_SETpinRST             text6        0218
interrupt_function       intentry     0004
intlevel0                functab      0000
intlevel1                functab      0000
intlevel2                functab      0000
intlevel3                functab      0000
intlevel4                functab      0000
intlevel5                functab      0000
reset_vec                reset_vec    0000
saved_w                  (abs)        005E
start                    init         000B
start_initialization     cinit        000C
wtemp0                   (abs)        005E


FUNCTION INFORMATION:

 *************** function _main *****************
 Defined at:
		line 132 in file "main.c"
 Parameters:    Size  Location     Type
		None
 Auto vars:     Size  Location     Type
		None
 Return value:  Size  Location     Type
                  1    wreg      void 
 Registers used:
		wreg, status,2, status,0, pclath, cstack
 Tracked objects:
		On entry : 
		On exit  : 
		Unchanged: 
 Data sizes:     COMMON   BANK0
      Params:         0       0
      Locals:         0       0
      Temps:          0       1
      Totals:         0       1
Total ram usage:        1 bytes
 Hardware stack levels required when called:    4
 This function calls:
		_SETpinRST
		_SetTMR0
 This function is called by:
		Startup code after reset
 This function uses a non-reentrant model


 *************** function _SetTMR0 *****************
 Defined at:
		line 176 in file "main.c"
 Parameters:    Size  Location     Type
  value_ms        2   18[BANK0 ] unsigned int 
 Auto vars:     Size  Location     Type
  TMR0value       4   28[BANK0 ] unsigned long 
  ps_cnt          2   26[BANK0 ] unsigned int 
  ps_value        2   24[BANK0 ] unsigned int 
 Return value:  Size  Location     Type
                  1    wreg      unsigned char 
 Registers used:
		wreg, status,2, status,0, pclath, cstack
 Tracked objects:
		On entry : 
		On exit  : 
		Unchanged: 
 Data sizes:     COMMON   BANK0
      Params:         0       2
      Locals:         0       8
      Temps:          0       4
      Totals:         0      14
Total ram usage:       14 bytes
 Hardware stack levels used:    1
 Hardware stack levels required when called:    3
 This function calls:
		___lldiv
		___lmul
 This function is called by:
		_main
 This function uses a non-reentrant model


 *************** function ___lmul *****************
 Defined at:
		line 15 in file "C:\Program Files (x86)\Microchip\xc8\v2.05\pic\sources\c90\common\Umul32.c"
 Parameters:    Size  Location     Type
  multiplier      4    4[BANK0 ] unsigned long 
  multiplicand    4    8[BANK0 ] unsigned long 
 Auto vars:     Size  Location     Type
  product         4   13[BANK0 ] unsigned long 
 Return value:  Size  Location     Type
                  4    4[BANK0 ] unsigned long 
 Registers used:
		wreg, status,2, status,0
 Tracked objects:
		On entry : 
		On exit  : 
		Unchanged: 
 Data sizes:     COMMON   BANK0
      Params:         0       8
      Locals:         0       4
      Temps:          0       1
      Totals:         0      13
Total ram usage:       13 bytes
 Hardware stack levels used:    1
 Hardware stack levels required when called:    2
 This function calls:
		Nothing
 This function is called by:
		_SetTMR0
 This function uses a non-reentrant model


 *************** function ___lldiv *****************
 Defined at:
		line 5 in file "C:\Program Files (x86)\Microchip\xc8\v2.05\pic\sources\c90\common\__lldiv.c"
 Parameters:    Size  Location     Type
  divisor         4    4[BANK0 ] unsigned long 
  dividend        4    8[BANK0 ] unsigned long 
 Auto vars:     Size  Location     Type
  quotient        4   13[BANK0 ] unsigned long 
  counter         1   17[BANK0 ] unsigned char 
 Return value:  Size  Location     Type
                  4    4[BANK0 ] unsigned long 
 Registers used:
		wreg, status,2, status,0
 Tracked objects:
		On entry : 
		On exit  : 
		Unchanged: 
 Data sizes:     COMMON   BANK0
      Params:         0       8
      Locals:         0       5
      Temps:          0       1
      Totals:         0      14
Total ram usage:       14 bytes
 Hardware stack levels used:    1
 Hardware stack levels required when called:    2
 This function calls:
		Nothing
 This function is called by:
		_SetTMR0
 This function uses a non-reentrant model


 *************** function _SETpinRST *****************
 Defined at:
		line 168 in file "main.c"
 Parameters:    Size  Location     Type
  Status          2    4[BANK0 ] int 
 Auto vars:     Size  Location     Type
		None
 Return value:  Size  Location     Type
                  1    wreg      void 
 Registers used:
		wreg, status,2, status,0
 Tracked objects:
		On entry : 
		On exit  : 
		Unchanged: 
 Data sizes:     COMMON   BANK0
      Params:         0       2
      Locals:         0       0
      Temps:          0       0
      Totals:         0       2
Total ram usage:        2 bytes
 Hardware stack levels used:    1
 Hardware stack levels required when called:    2
 This function calls:
		Nothing
 This function is called by:
		_main
 This function uses a non-reentrant model


 *************** function _myIsr *****************
 Defined at:
		line 89 in file "main.c"
 Parameters:    Size  Location     Type
		None
 Auto vars:     Size  Location     Type
		None
 Return value:  Size  Location     Type
                  1    wreg      void 
 Registers used:
		wreg, status,2, status,0, pclath, cstack
 Tracked objects:
		On entry : 
		On exit  : 
		Unchanged: 
 Data sizes:     COMMON   BANK0
      Params:         0       0
      Locals:         0       0
      Temps:          0       2
      Totals:         0       2
Total ram usage:        2 bytes
 Hardware stack levels used:    1
 Hardware stack levels required when called:    1
 This function calls:
		i1_SETpinRST
 This function is called by:
		Interrupt level 1
 This function uses a non-reentrant model


 *************** function i1_SETpinRST *****************
 Defined at:
		line 168 in file "main.c"
 Parameters:    Size  Location     Type
  Status          2    0[BANK0 ] int 
 Auto vars:     Size  Location     Type
		None
 Return value:  Size  Location     Type
                  1    wreg      void 
 Registers used:
		wreg, status,2, status,0
 Tracked objects:
		On entry : 
		On exit  : 
		Unchanged: 
 Data sizes:     COMMON   BANK0
      Params:         0       2
      Locals:         0       0
      Temps:          0       0
      Totals:         0       2
Total ram usage:        2 bytes
 Hardware stack levels used:    1
 This function calls:
		Nothing
 This function is called by:
		_myIsr
 This function uses a non-reentrant model



MODULE INFORMATION

Module		Function		Class		Link	Load	Size
shared
		SetTMR0@clk_freq		STRING         	0000	0000	0
		__stringtab    		STRING         	0226	0000	7
		i1_SETpinRST   		CODE           	0218	0000	15
		__initialization		CODE           	000C	0000	10

shared estimated size: 32

C:\Program Files (x86)\Microchip\xc8\v2.05\pic\sources\c90\common\Umul32.c
		___lmul        		CODE           	019A	0000	65

C:\Program Files (x86)\Microchip\xc8\v2.05\pic\sources\c90\common\Umul32.c estimated size: 65

C:\Program Files (x86)\Microchip\xc8\v2.05\pic\sources\c90\common\__lldiv.c
		___lldiv       		CODE           	013B	0000	96

C:\Program Files (x86)\Microchip\xc8\v2.05\pic\sources\c90\common\__lldiv.c estimated size: 96

main.c
		_SETpinRST     		CODE           	020A	0000	15
		_main          		CODE           	01DA	0000	49
		_myIsr         		CODE           	00D2	0000	106
		_SetTMR0       		CODE           	0017	0000	188

main.c estimated size: 358

